// Jest Snapshot v1, https://goo.gl/fbAQLP

exports[`PhraseContainer should match the snapshot 1`] = `
ShallowWrapper {
  Symbol(enzyme.__root__): [Circular],
  Symbol(enzyme.__unrendered__): <PhraseContainer />,
  Symbol(enzyme.__renderer__): Object {
    "batchedUpdates": [Function],
    "checkPropTypes": [Function],
    "getNode": [Function],
    "render": [Function],
    "simulateError": [Function],
    "simulateEvent": [Function],
    "unmount": [Function],
  },
  Symbol(enzyme.__node__): Object {
    "instance": null,
    "key": undefined,
    "nodeType": "host",
    "props": Object {
      "children": Array [
        <div
          className="banner"
        >
          <div>
            <h1
              id="heading"
            >
              Your Current Translations
            </h1>
            <p>
              (click each one for details)
            </p>
          </div>
          <Link
            className="header-a"
            to="/"
          >
            Translate to French.
          </Link>
        </div>,
        <div
          className="container"
        />,
      ],
    },
    "ref": null,
    "rendered": Array [
      Object {
        "instance": null,
        "key": undefined,
        "nodeType": "host",
        "props": Object {
          "children": Array [
            <div>
              <h1
                id="heading"
              >
                Your Current Translations
              </h1>
              <p>
                (click each one for details)
              </p>
            </div>,
            <Link
              className="header-a"
              to="/"
            >
              Translate to French.
            </Link>,
          ],
          "className": "banner",
        },
        "ref": null,
        "rendered": Array [
          Object {
            "instance": null,
            "key": undefined,
            "nodeType": "host",
            "props": Object {
              "children": Array [
                <h1
                  id="heading"
                >
                  Your Current Translations
                </h1>,
                <p>
                  (click each one for details)
                </p>,
              ],
            },
            "ref": null,
            "rendered": Array [
              Object {
                "instance": null,
                "key": undefined,
                "nodeType": "host",
                "props": Object {
                  "children": "Your Current Translations",
                  "id": "heading",
                },
                "ref": null,
                "rendered": "Your Current Translations",
                "type": "h1",
              },
              Object {
                "instance": null,
                "key": undefined,
                "nodeType": "host",
                "props": Object {
                  "children": "(click each one for details)",
                },
                "ref": null,
                "rendered": "(click each one for details)",
                "type": "p",
              },
            ],
            "type": "div",
          },
          Object {
            "instance": null,
            "key": undefined,
            "nodeType": "class",
            "props": Object {
              "children": "Translate to French.",
              "className": "header-a",
              "to": "/",
            },
            "ref": null,
            "rendered": "Translate to French.",
            "type": [Function],
          },
        ],
        "type": "div",
      },
      Object {
        "instance": null,
        "key": undefined,
        "nodeType": "host",
        "props": Object {
          "children": Array [
            undefined,
            undefined,
          ],
          "className": "container",
        },
        "ref": null,
        "rendered": Array [
          undefined,
          undefined,
        ],
        "type": "div",
      },
    ],
    "type": "div",
  },
  Symbol(enzyme.__nodes__): Array [
    Object {
      "instance": null,
      "key": undefined,
      "nodeType": "host",
      "props": Object {
        "children": Array [
          <div
            className="banner"
          >
            <div>
              <h1
                id="heading"
              >
                Your Current Translations
              </h1>
              <p>
                (click each one for details)
              </p>
            </div>
            <Link
              className="header-a"
              to="/"
            >
              Translate to French.
            </Link>
          </div>,
          <div
            className="container"
          />,
        ],
      },
      "ref": null,
      "rendered": Array [
        Object {
          "instance": null,
          "key": undefined,
          "nodeType": "host",
          "props": Object {
            "children": Array [
              <div>
                <h1
                  id="heading"
                >
                  Your Current Translations
                </h1>
                <p>
                  (click each one for details)
                </p>
              </div>,
              <Link
                className="header-a"
                to="/"
              >
                Translate to French.
              </Link>,
            ],
            "className": "banner",
          },
          "ref": null,
          "rendered": Array [
            Object {
              "instance": null,
              "key": undefined,
              "nodeType": "host",
              "props": Object {
                "children": Array [
                  <h1
                    id="heading"
                  >
                    Your Current Translations
                  </h1>,
                  <p>
                    (click each one for details)
                  </p>,
                ],
              },
              "ref": null,
              "rendered": Array [
                Object {
                  "instance": null,
                  "key": undefined,
                  "nodeType": "host",
                  "props": Object {
                    "children": "Your Current Translations",
                    "id": "heading",
                  },
                  "ref": null,
                  "rendered": "Your Current Translations",
                  "type": "h1",
                },
                Object {
                  "instance": null,
                  "key": undefined,
                  "nodeType": "host",
                  "props": Object {
                    "children": "(click each one for details)",
                  },
                  "ref": null,
                  "rendered": "(click each one for details)",
                  "type": "p",
                },
              ],
              "type": "div",
            },
            Object {
              "instance": null,
              "key": undefined,
              "nodeType": "class",
              "props": Object {
                "children": "Translate to French.",
                "className": "header-a",
                "to": "/",
              },
              "ref": null,
              "rendered": "Translate to French.",
              "type": [Function],
            },
          ],
          "type": "div",
        },
        Object {
          "instance": null,
          "key": undefined,
          "nodeType": "host",
          "props": Object {
            "children": Array [
              undefined,
              undefined,
            ],
            "className": "container",
          },
          "ref": null,
          "rendered": Array [
            undefined,
            undefined,
          ],
          "type": "div",
        },
      ],
      "type": "div",
    },
  ],
  Symbol(enzyme.__options__): Object {
    "adapter": ReactSixteenAdapter {
      "options": Object {
        "enableComponentDidUpdateOnSetState": true,
        "legacyContextMode": "parent",
        "lifecycles": Object {
          "componentDidUpdate": Object {
            "onSetState": true,
          },
          "getChildContext": Object {
            "calledByRenderer": false,
          },
          "getDerivedStateFromError": true,
          "getDerivedStateFromProps": Object {
            "hasShouldComponentUpdateBug": false,
          },
          "getSnapshotBeforeUpdate": true,
          "setState": Object {
            "skipsComponentDidUpdateOnNullish": true,
          },
        },
      },
    },
  },
  Symbol(enzyme.__childContext__): null,
}
`;
